2026-09-27 06:05:03 +00:00: getSport slow 3rd-party { eventType: 1, ms: 1593 }
2026-09-27 07:24:18 +00:00: getSport slow 3rd-party { eventType: 4, ms: 1747 }
2026-09-27 08:25:44 +00:00: getSport slow 3rd-party { eventType: 4, ms: 1629 }
2026-09-27 09:18:41 +00:00: getSport slow 3rd-party { eventType: 4, ms: 1743 }
2026-09-27 10:04:19 +00:00: getSport slow 3rd-party { eventType: 2, ms: 1568 }
2026-09-27 10:10:12 +00:00: getSport slow 3rd-party { eventType: 1, ms: 1996 }
2026-09-27 10:11:15 +00:00: getSport slow 3rd-party { eventType: 1, ms: 1816 }
2026-09-27 10:26:58 +00:00: [FEED] starting sport/in-play refresh loops { FEED_JOBS_RUN: false, CRON_JOBS_RUN: true }
2026-09-27 10:27:40 +00:00: getSport slow 3rd-party { eventType: 1, ms: 3411 }
2026-09-27 10:40:03 +00:00: getSport slow 3rd-party { eventType: 1, ms: 1663 }
2026-09-27 11:05:45 +00:00: getSport slow 3rd-party { eventType: 1, ms: 6159 }
2026-09-27 12:12:15 +00:00: getSport slow 3rd-party { eventType: 2, ms: 1841 }
2026-09-27 12:39:50 +00:00: [FEED] starting sport/in-play refresh loops { FEED_JOBS_RUN: false, CRON_JOBS_RUN: true }
2026-09-27 13:11:17 +00:00: sportLiveMatchStoreQueueProcess: error:  <ref *1> AxiosError: timeout of 8000ms exceeded
2026-09-27 13:11:17 +00:00:     at createTimeoutError (/var/www/code/sky-backend/node_modules/axios/dist/node/axios.cjs:4308:14)
2026-09-27 13:11:17 +00:00:     at RedirectableRequest.handleTimeout (/var/www/code/sky-backend/node_modules/axios/dist/node/axios.cjs:4842:15)
2026-09-27 13:11:17 +00:00:     at RedirectableRequest.emit (node:events:519:28)
2026-09-27 13:11:17 +00:00:     at Timeout._onTimeout (/var/www/code/sky-backend/node_modules/follow-redirects/index.js:233:12)
2026-09-27 13:11:17 +00:00:     at listOnTimeout (node:internal/timers:585:17)
2026-09-27 13:11:17 +00:00:     at process.processTimers (node:internal/timers:521:7)
2026-09-27 13:11:17 +00:00:     at Axios.request (/var/www/code/sky-backend/node_modules/axios/dist/node/axios.cjs:6308:43)
2026-09-27 13:11:17 +00:00:     at processTicksAndRejections (node:internal/process/task_queues:103:5)
2026-09-27 13:11:17 +00:00:     at runNextTicks (node:internal/process/task_queues:68:3)
2026-09-27 13:11:17 +00:00:     at listOnTimeout (node:internal/timers:547:9)
2026-09-27 13:11:17 +00:00:     at process.processTimers (node:internal/timers:521:7)
2026-09-27 13:11:17 +00:00:     at async fetchSportList (/var/www/code/sky-backend/config/sportsAPI.js:40:17)
2026-09-27 13:11:17 +00:00:     at async /var/www/code/sky-backend/config/sportsAPI.js:63:21
2026-09-27 13:11:17 +00:00:     at async fetchSportData (/var/www/code/sky-backend/controllers/helper/inPlay.js:8:19)
2026-09-27 13:11:17 +00:00:     at async Promise.all (index 0)
2026-09-27 13:11:17 +00:00:     at async inPlay (/var/www/code/sky-backend/controllers/helper/inPlay.js:25:19) {
2026-09-27 13:11:17 +00:00:   isAxiosError: true,
2026-09-27 13:11:17 +00:00:   code: 'ECONNABORTED',
2026-09-27 13:11:17 +00:00:   config: [Object: null prototype] {
2026-09-27 13:11:17 +00:00:     transitional: {
2026-09-27 13:11:17 +00:00:       silentJSONParsing: true,
2026-09-27 13:11:17 +00:00:       forcedJSONParsing: true,
2026-09-27 13:11:17 +00:00:       clarifyTimeoutError: false,
2026-09-27 13:11:17 +00:00:       legacyInterceptorReqResOrdering: true,
2026-09-27 13:11:17 +00:00:       advertiseZstdAcceptEncoding: false,
2026-09-27 13:11:17 +00:00:       validateStatusUndefinedResolves: true
2026-09-27 13:11:17 +00:00:     },
2026-09-27 13:11:17 +00:00:     adapter: [ 'xhr', 'http', 'fetch' ],
2026-09-27 13:11:17 +00:00:     transformRequest: [ [Function: transformRequest] ],
2026-09-27 13:11:17 +00:00:     transformResponse: [ [Function: transformResponse] ],
2026-09-27 13:11:17 +00:00:     timeout: 8000,
2026-09-27 13:11:17 +00:00:     xsrfCookieName: 'XSRF-TOKEN',
2026-09-27 13:11:17 +00:00:     xsrfHeaderName: 'X-XSRF-TOKEN',
2026-09-27 13:11:17 +00:00:     maxContentLength: -1,
2026-09-27 13:11:17 +00:00:     maxBodyLength: -1,
2026-09-27 13:11:17 +00:00:     env: { FormData: [Function], Blob: [class Blob] },
2026-09-27 13:11:17 +00:00:     validateStatus: [Function: validateStatus],
2026-09-27 13:11:17 +00:00:     headers: Object [AxiosHeaders] {
2026-09-27 13:11:17 +00:00:       Accept: 'application/json, text/plain, */*',
2026-09-27 13:11:17 +00:00:       'Content-Type': undefined,
2026-09-27 13:11:17 +00:00:       'User-Agent': 'axios/1.20.0',
2026-09-27 13:11:17 +00:00:       'Accept-Encoding': 'gzip, compress, deflate, br'
2026-09-27 13:11:17 +00:00:     },
2026-09-27 13:11:17 +00:00:     method: 'get',
2026-09-27 13:11:17 +00:00:     url: 'https://api.glivesport.live:443/getmatches?eventType=4',
2026-09-27 13:11:17 +00:00:     allowAbsoluteUrls: true,
2026-09-27 13:11:17 +00:00:     data: undefined
2026-09-27 13:11:17 +00:00:   },
2026-09-27 13:11:17 +00:00:   request: <ref *2> Writable {
2026-09-27 13:11:17 +00:00:     _events: {
2026-09-27 13:11:17 +00:00:       close: undefined,
2026-09-27 13:11:17 +00:00:       error: [Function: handleRequestError],
2026-09-27 13:11:17 +00:00:       prefinish: undefined,
2026-09-27 13:11:17 +00:00:       finish: undefined,
2026-09-27 13:11:17 +00:00:       drain: undefined,
2026-09-27 13:11:17 +00:00:       response: [Function: handleResponse],
2026-09-27 13:11:17 +00:00:       socket: [Array],
2026-09-27 13:11:17 +00:00:       timeout: undefined,
2026-09-27 13:11:17 +00:00:       abort: undefined
2026-09-27 13:11:17 +00:00:     },
2026-09-27 13:11:17 +00:00:     _writableState: WritableState {
2026-09-27 13:11:17 +00:00:       highWaterMark: 65536,
2026-09-27 13:11:17 +00:00:       length: 0,
2026-09-27 13:11:17 +00:00:       corked: 0,
2026-09-27 13:11:17 +00:00:       onwrite: [Function: bound onwrite],
2026-09-27 13:11:17 +00:00:       writelen: 0,
2026-09-27 13:11:17 +00:00:       bufferedIndex: 0,
2026-09-27 13:11:17 +00:00:       pendingcb: 0,
2026-09-27 13:11:17 +00:00:       [Symbol(kState)]: 17581054,
2026-09-27 13:11:17 +00:00:       [Symbol(kBufferedValue)]: null,
2026-09-27 13:11:17 +00:00:       [Symbol(kErroredValue)]: [Circular *1]
2026-09-27 13:11:17 +00:00:     },
2026-09-27 13:11:17 +00:00:     _maxListeners: undefined,
2026-09-27 13:11:17 +00:00:     _options: {
2026-09-27 13:11:17 +00:00:       maxRedirects: 21,
2026-09-27 13:11:17 +00:00:       maxBodyLength: Infinity,
2026-09-27 13:11:17 +00:00:       protocol: 'https:',
2026-09-27 13:11:17 +00:00:       path: '/getmatches?eventType=4',
2026-09-27 13:11:17 +00:00:       method: 'GET',
2026-09-27 13:11:17 +00:00:       headers: [Object: null prototype],
2026-09-27 13:11:17 +00:00:       agents: [Object],
2026-09-27 13:11:17 +00:00:       auth: undefined,
2026-09-27 13:11:17 +00:00:       family: undefined,
2026-09-27 13:11:17 +00:00:       beforeRedirect: [Function: dispatchBeforeRedirect],
2026-09-27 13:11:17 +00:00:       beforeRedirects: [Object: null prototype],
2026-09-27 13:11:17 +00:00:       http2Options: undefined,
2026-09-27 13:11:17 +00:00:       createConnection: undefined,
2026-09-27 13:11:17 +00:00:       hostname: 'api.glivesport.live',
2026-09-27 13:11:17 +00:00:       port: '',
2026-09-27 13:11:17 +00:00:       agent: undefined,
2026-09-27 13:11:17 +00:00:       sensitiveHeaders: [],
2026-09-27 13:11:17 +00:00:       insecureHTTPParser: false,
2026-09-27 13:11:17 +00:00:       nativeProtocols: [Object],
2026-09-27 13:11:17 +00:00:       pathname: '/getmatches',
2026-09-27 13:11:17 +00:00:       search: '?eventType=4'
2026-09-27 13:11:17 +00:00:     },
2026-09-27 13:11:17 +00:00:     _ended: true,
2026-09-27 13:11:17 +00:00:     _ending: true,
2026-09-27 13:11:17 +00:00:     _redirectCount: 0,
2026-09-27 13:11:17 +00:00:     _redirects: [],
2026-09-27 13:11:17 +00:00:     _requestBodyLength: 0,
2026-09-27 13:11:17 +00:00:     _requestBodyBuffers: [],
2026-09-27 13:11:17 +00:00:     _eventsCount: 3,
2026-09-27 13:11:17 +00:00:     _onNativeResponse: [Function (anonymous)],
2026-09-27 13:11:17 +00:00:     _headerFilter: /^(?:Authorization|Proxy-Authorization|Cookie)$/i,
2026-09-27 13:11:17 +00:00:     _currentRequest: ClientRequest {
2026-09-27 13:11:17 +00:00:       _events: [Object: null prototype],
2026-09-27 13:11:17 +00:00:       _eventsCount: 2,
2026-09-27 13:11:17 +00:00:       _maxListeners: undefined,
2026-09-27 13:11:17 +00:00:       outputData: [],
2026-09-27 13:11:17 +00:00:       outputSize: 0,
2026-09-27 13:11:17 +00:00:       writable: true,
2026-09-27 13:11:17 +00:00:       destroyed: true,
2026-09-27 13:11:17 +00:00:       _last: true,
2026-09-27 13:11:17 +00:00:       chunkedEncoding: false,
2026-09-27 13:11:17 +00:00:       shouldKeepAlive: true,
2026-09-27 13:11:17 +00:00:       maxRequestsOnConnectionReached: false,
2026-09-27 13:11:17 +00:00:       _defaultKeepAlive: true,
2026-09-27 13:11:17 +00:00:       useChunkedEncodingByDefault: false,
2026-09-27 13:11:17 +00:00:       sendDate: false,
2026-09-27 13:11:17 +00:00:       _removedConnection: false,
2026-09-27 13:11:17 +00:00:       _removedContLen: false,
2026-09-27 13:11:17 +00:00:       _removedTE: false,
2026-09-27 13:11:17 +00:00:       strictContentLength: false,
2026-09-27 13:11:17 +00:00:       _contentLength: 0,
2026-09-27 13:11:17 +00:00:       _hasBody: true,
2026-09-27 13:11:17 +00:00:       _trailer: '',
2026-09-27 13:11:17 +00:00:       finished: true,
2026-09-27 13:11:17 +00:00:       _headerSent: true,
2026-09-27 13:11:17 +00:00:       _closed: false,
2026-09-27 13:11:17 +00:00:       _header: 'GET /getmatches?eventType=4 HTTP/1.1\r\n' +
2026-09-27 13:11:17 +00:00:         'Accept: application/json, text/plain, */*\r\n' +
2026-09-27 13:11:17 +00:00:         'User-Agent: axios/1.20.0\r\n' +
2026-09-27 13:11:17 +00:00:         'Accept-Encoding: gzip, compress, deflate, br\r\n' +
2026-09-27 13:11:17 +00:00:         'Host: api.glivesport.live\r\n' +
2026-09-27 13:11:17 +00:00:         'Connection: keep-alive\r\n' +
2026-09-27 13:11:17 +00:00:         '\r\n',
2026-09-27 13:11:17 +00:00:       _keepAliveTimeout: 0,
2026-09-27 13:11:17 +00:00:       _onPendingData: [Function: nop],
2026-09-27 13:11:17 +00:00:       agent: [Agent],
2026-09-27 13:11:17 +00:00:       socketPath: undefined,
2026-09-27 13:11:17 +00:00:       method: 'GET',
2026-09-27 13:11:17 +00:00:       maxHeaderSize: undefined,
2026-09-27 13:11:17 +00:00:       insecureHTTPParser: false,
2026-09-27 13:11:17 +00:00:       joinDuplicateHeaders: undefined,
2026-09-27 13:11:17 +00:00:       path: '/getmatches?eventType=4',
2026-09-27 13:11:17 +00:00:       _ended: false,
2026-09-27 13:11:17 +00:00:       res: null,
2026-09-27 13:11:17 +00:00:       aborted: false,
2026-09-27 13:11:17 +00:00:       timeoutCb: [Function: emitRequestTimeout],
2026-09-27 13:11:17 +00:00:       upgradeOrConnect: false,
2026-09-27 13:11:17 +00:00:       parser: null,
2026-09-27 13:11:17 +00:00:       maxHeadersCount: null,
2026-09-27 13:11:17 +00:00:       reusedSocket: false,
2026-09-27 13:11:17 +00:00:       host: 'api.glivesport.live',
2026-09-27 13:11:17 +00:00:       protocol: 'https:',
2026-09-27 13:11:17 +00:00:       _redirectable: [Circular *2],
2026-09-27 13:11:17 +00:00:       [Symbol(shapeMode)]: false,
2026-09-27 13:11:17 +00:00:       [Symbol(kCapture)]: false,
2026-09-27 13:11:17 +00:00:       [Symbol(kBytesWritten)]: 0,
2026-09-27 13:11:17 +00:00:       [Symbol(kNeedDrain)]: false,
2026-09-27 13:11:17 +00:00:       [Symbol(corked)]: 0,
2026-09-27 13:11:17 +00:00:       [Symbol(kChunkedBuffer)]: [],
2026-09-27 13:11:17 +00:00:       [Symbol(kChunkedLength)]: 0,
2026-09-27 13:11:17 +00:00:       [Symbol(kSocket)]: [TLSSocket],
2026-09-27 13:11:17 +00:00:       [Symbol(kOutHeaders)]: [Object: null prototype],
2026-09-27 13:11:17 +00:00:       [Symbol(errored)]: null,
2026-09-27 13:11:17 +00:00:       [Symbol(kHighWaterMark)]: 65536,
2026-09-27 13:11:17 +00:00:       [Symbol(kRejectNonStandardBodyWrites)]: false,
2026-09-27 13:11:17 +00:00:       [Symbol(kUniqueHeaders)]: null,
2026-09-27 13:11:17 +00:00:       [Symbol(kError)]: [Circular *1]
2026-09-27 13:11:17 +00:00:     },
2026-09-27 13:11:17 +00:00:     _currentUrl: 'https://api.glivesport.live/getmatches?eventType=4',
2026-09-27 13:11:17 +00:00:     _timeout: null,
2026-09-27 13:11:17 +00:00:     [Symbol(shapeMode)]: true,
2026-09-27 13:11:17 +00:00:     [Symbol(kCapture)]: false
2026-09-27 13:11:17 +00:00:   }
2026-09-27 13:11:17 +00:00: }
2026-09-27 14:25:42 +00:00: sportLiveMatchStoreQueueProcess: error:  <ref *1> AxiosError: timeout of 8000ms exceeded
2026-09-27 14:25:42 +00:00:     at createTimeoutError (/var/www/code/sky-backend/node_modules/axios/dist/node/axios.cjs:4308:14)
2026-09-27 14:25:42 +00:00:     at RedirectableRequest.handleTimeout (/var/www/code/sky-backend/node_modules/axios/dist/node/axios.cjs:4842:15)
2026-09-27 14:25:42 +00:00:     at RedirectableRequest.emit (node:events:519:28)
2026-09-27 14:25:42 +00:00:     at Timeout._onTimeout (/var/www/code/sky-backend/node_modules/follow-redirects/index.js:233:12)
2026-09-27 14:25:42 +00:00:     at listOnTimeout (node:internal/timers:585:17)
2026-09-27 14:25:42 +00:00:     at process.processTimers (node:internal/timers:521:7)
2026-09-27 14:25:42 +00:00:     at Axios.request (/var/www/code/sky-backend/node_modules/axios/dist/node/axios.cjs:6308:43)
2026-09-27 14:25:42 +00:00:     at process.processTicksAndRejections (node:internal/process/task_queues:103:5)
2026-09-27 14:25:42 +00:00:     at async fetchSportList (/var/www/code/sky-backend/config/sportsAPI.js:40:17)
2026-09-27 14:25:42 +00:00:     at async /var/www/code/sky-backend/config/sportsAPI.js:63:21
2026-09-27 14:25:42 +00:00:     at async fetchSportData (/var/www/code/sky-backend/controllers/helper/inPlay.js:8:19)
2026-09-27 14:25:42 +00:00:     at async Promise.all (index 2)
2026-09-27 14:25:42 +00:00:     at async inPlay (/var/www/code/sky-backend/controllers/helper/inPlay.js:25:19)
2026-09-27 14:25:42 +00:00:     at async runJob.type (/var/www/code/sky-backend/config/redis.js:826:22)
2026-09-27 14:25:42 +00:00:     at async runJob (/var/www/code/sky-backend/utils/jobTracker.js:275:22)
2026-09-27 14:25:42 +00:00:     at async sportLiveMatchStoreQueueProcess (/var/www/code/sky-backend/config/redis.js:817:5) {
2026-09-27 14:25:42 +00:00:   isAxiosError: true,
2026-09-27 14:25:42 +00:00:   code: 'ECONNABORTED',
2026-09-27 14:25:42 +00:00:   config: [Object: null prototype] {
2026-09-27 14:25:42 +00:00:     transitional: {
2026-09-27 14:25:42 +00:00:       silentJSONParsing: true,
2026-09-27 14:25:42 +00:00:       forcedJSONParsing: true,
2026-09-27 14:25:42 +00:00:       clarifyTimeoutError: false,
2026-09-27 14:25:42 +00:00:       legacyInterceptorReqResOrdering: true,
2026-09-27 14:25:42 +00:00:       advertiseZstdAcceptEncoding: false,
2026-09-27 14:25:42 +00:00:       validateStatusUndefinedResolves: true
2026-09-27 14:25:42 +00:00:     },
2026-09-27 14:25:42 +00:00:     adapter: [ 'xhr', 'http', 'fetch' ],
2026-09-27 14:25:42 +00:00:     transformRequest: [ [Function: transformRequest] ],
2026-09-27 14:25:42 +00:00:     transformResponse: [ [Function: transformResponse] ],
2026-09-27 14:25:42 +00:00:     timeout: 8000,
2026-09-27 14:25:42 +00:00:     xsrfCookieName: 'XSRF-TOKEN',
2026-09-27 14:25:42 +00:00:     xsrfHeaderName: 'X-XSRF-TOKEN',
2026-09-27 14:25:42 +00:00:     maxContentLength: -1,
2026-09-27 14:25:42 +00:00:     maxBodyLength: -1,
2026-09-27 14:25:42 +00:00:     env: { FormData: [Function], Blob: [class Blob] },
2026-09-27 14:25:42 +00:00:     validateStatus: [Function: validateStatus],
2026-09-27 14:25:42 +00:00:     headers: Object [AxiosHeaders] {
2026-09-27 14:25:42 +00:00:       Accept: 'application/json, text/plain, */*',
2026-09-27 14:25:42 +00:00:       'Content-Type': undefined,
2026-09-27 14:25:42 +00:00:       'User-Agent': 'axios/1.20.0',
2026-09-27 14:25:42 +00:00:       'Accept-Encoding': 'gzip, compress, deflate, br'
2026-09-27 14:25:42 +00:00:     },
2026-09-27 14:25:42 +00:00:     method: 'get',
2026-09-27 14:25:42 +00:00:     url: 'https://api.glivesport.live:443/getmatches?eventType=2',
2026-09-27 14:25:42 +00:00:     allowAbsoluteUrls: true,
2026-09-27 14:25:42 +00:00:     data: undefined
2026-09-27 14:25:42 +00:00:   },
2026-09-27 14:25:42 +00:00:   request: <ref *2> Writable {
2026-09-27 14:25:42 +00:00:     _events: {
2026-09-27 14:25:42 +00:00:       close: undefined,
2026-09-27 14:25:42 +00:00:       error: [Function: handleRequestError],
2026-09-27 14:25:42 +00:00:       prefinish: undefined,
2026-09-27 14:25:42 +00:00:       finish: undefined,
2026-09-27 14:25:42 +00:00:       drain: undefined,
2026-09-27 14:25:42 +00:00:       response: [Function: handleResponse],
2026-09-27 14:25:42 +00:00:       socket: [Array],
2026-09-27 14:25:42 +00:00:       timeout: undefined,
2026-09-27 14:25:42 +00:00:       abort: undefined
2026-09-27 14:25:42 +00:00:     },
2026-09-27 14:25:42 +00:00:     _writableState: WritableState {
2026-09-27 14:25:42 +00:00:       highWaterMark: 65536,
2026-09-27 14:25:42 +00:00:       length: 0,
2026-09-27 14:25:42 +00:00:       corked: 0,
2026-09-27 14:25:42 +00:00:       onwrite: [Function: bound onwrite],
2026-09-27 14:25:42 +00:00:       writelen: 0,
2026-09-27 14:25:42 +00:00:       bufferedIndex: 0,
2026-09-27 14:25:42 +00:00:       pendingcb: 0,
2026-09-27 14:25:42 +00:00:       [Symbol(kState)]: 17581054,
2026-09-27 14:25:42 +00:00:       [Symbol(kBufferedValue)]: null,
2026-09-27 14:25:42 +00:00:       [Symbol(kErroredValue)]: [Circular *1]
2026-09-27 14:25:42 +00:00:     },
2026-09-27 14:25:42 +00:00:     _maxListeners: undefined,
2026-09-27 14:25:42 +00:00:     _options: {
2026-09-27 14:25:42 +00:00:       maxRedirects: 21,
2026-09-27 14:25:42 +00:00:       maxBodyLength: Infinity,
2026-09-27 14:25:42 +00:00:       protocol: 'https:',
2026-09-27 14:25:42 +00:00:       path: '/getmatches?eventType=2',
2026-09-27 14:25:42 +00:00:       method: 'GET',
2026-09-27 14:25:42 +00:00:       headers: [Object: null prototype],
2026-09-27 14:25:42 +00:00:       agents: [Object],
2026-09-27 14:25:42 +00:00:       auth: undefined,
2026-09-27 14:25:42 +00:00:       family: undefined,
2026-09-27 14:25:42 +00:00:       beforeRedirect: [Function: dispatchBeforeRedirect],
2026-09-27 14:25:42 +00:00:       beforeRedirects: [Object: null prototype],
2026-09-27 14:25:42 +00:00:       http2Options: undefined,
2026-09-27 14:25:42 +00:00:       createConnection: undefined,
2026-09-27 14:25:42 +00:00:       hostname: 'api.glivesport.live',
2026-09-27 14:25:42 +00:00:       port: '',
2026-09-27 14:25:42 +00:00:       agent: undefined,
2026-09-27 14:25:42 +00:00:       sensitiveHeaders: [],
2026-09-27 14:25:42 +00:00:       insecureHTTPParser: false,
2026-09-27 14:25:42 +00:00:       nativeProtocols: [Object],
2026-09-27 14:25:42 +00:00:       pathname: '/getmatches',
2026-09-27 14:25:42 +00:00:       search: '?eventType=2'
2026-09-27 14:25:42 +00:00:     },
2026-09-27 14:25:42 +00:00:     _ended: true,
2026-09-27 14:25:42 +00:00:     _ending: true,
2026-09-27 14:25:42 +00:00:     _redirectCount: 0,
2026-09-27 14:25:42 +00:00:     _redirects: [],
2026-09-27 14:25:42 +00:00:     _requestBodyLength: 0,
2026-09-27 14:25:42 +00:00:     _requestBodyBuffers: [],
2026-09-27 14:25:42 +00:00:     _eventsCount: 3,
2026-09-27 14:25:42 +00:00:     _onNativeResponse: [Function (anonymous)],
2026-09-27 14:25:42 +00:00:     _headerFilter: /^(?:Authorization|Proxy-Authorization|Cookie)$/i,
2026-09-27 14:25:42 +00:00:     _currentRequest: ClientRequest {
2026-09-27 14:25:42 +00:00:       _events: [Object: null prototype],
2026-09-27 14:25:42 +00:00:       _eventsCount: 2,
2026-09-27 14:25:42 +00:00:       _maxListeners: undefined,
2026-09-27 14:25:42 +00:00:       outputData: [],
2026-09-27 14:25:42 +00:00:       outputSize: 0,
2026-09-27 14:25:42 +00:00:       writable: true,
2026-09-27 14:25:42 +00:00:       destroyed: true,
2026-09-27 14:25:42 +00:00:       _last: true,
2026-09-27 14:25:42 +00:00:       chunkedEncoding: false,
2026-09-27 14:25:42 +00:00:       shouldKeepAlive: true,
2026-09-27 14:25:42 +00:00:       maxRequestsOnConnectionReached: false,
2026-09-27 14:25:42 +00:00:       _defaultKeepAlive: true,
2026-09-27 14:25:42 +00:00:       useChunkedEncodingByDefault: false,
2026-09-27 14:25:42 +00:00:       sendDate: false,
2026-09-27 14:25:42 +00:00:       _removedConnection: false,
2026-09-27 14:25:42 +00:00:       _removedContLen: false,
2026-09-27 14:25:42 +00:00:       _removedTE: false,
2026-09-27 14:25:42 +00:00:       strictContentLength: false,
2026-09-27 14:25:42 +00:00:       _contentLength: 0,
2026-09-27 14:25:42 +00:00:       _hasBody: true,
2026-09-27 14:25:42 +00:00:       _trailer: '',
2026-09-27 14:25:42 +00:00:       finished: true,
2026-09-27 14:25:42 +00:00:       _headerSent: true,
2026-09-27 14:25:42 +00:00:       _closed: false,
2026-09-27 14:25:42 +00:00:       _header: 'GET /getmatches?eventType=2 HTTP/1.1\r\n' +
2026-09-27 14:25:42 +00:00:         'Accept: application/json, text/plain, */*\r\n' +
2026-09-27 14:25:42 +00:00:         'User-Agent: axios/1.20.0\r\n' +
2026-09-27 14:25:42 +00:00:         'Accept-Encoding: gzip, compress, deflate, br\r\n' +
2026-09-27 14:25:42 +00:00:         'Host: api.glivesport.live\r\n' +
2026-09-27 14:25:42 +00:00:         'Connection: keep-alive\r\n' +
2026-09-27 14:25:42 +00:00:         '\r\n',
2026-09-27 14:25:42 +00:00:       _keepAliveTimeout: 0,
2026-09-27 14:25:42 +00:00:       _onPendingData: [Function: nop],
2026-09-27 14:25:42 +00:00:       agent: [Agent],
2026-09-27 14:25:42 +00:00:       socketPath: undefined,
2026-09-27 14:25:42 +00:00:       method: 'GET',
2026-09-27 14:25:42 +00:00:       maxHeaderSize: undefined,
2026-09-27 14:25:42 +00:00:       insecureHTTPParser: false,
2026-09-27 14:25:42 +00:00:       joinDuplicateHeaders: undefined,
2026-09-27 14:25:42 +00:00:       path: '/getmatches?eventType=2',
2026-09-27 14:25:42 +00:00:       _ended: false,
2026-09-27 14:25:42 +00:00:       res: null,
2026-09-27 14:25:42 +00:00:       aborted: false,
2026-09-27 14:25:42 +00:00:       timeoutCb: [Function: emitRequestTimeout],
2026-09-27 14:25:42 +00:00:       upgradeOrConnect: false,
2026-09-27 14:25:42 +00:00:       parser: null,
2026-09-27 14:25:42 +00:00:       maxHeadersCount: null,
2026-09-27 14:25:42 +00:00:       reusedSocket: false,
2026-09-27 14:25:42 +00:00:       host: 'api.glivesport.live',
2026-09-27 14:25:42 +00:00:       protocol: 'https:',
2026-09-27 14:25:42 +00:00:       _redirectable: [Circular *2],
2026-09-27 14:25:42 +00:00:       [Symbol(shapeMode)]: false,
2026-09-27 14:25:42 +00:00:       [Symbol(kCapture)]: false,
2026-09-27 14:25:42 +00:00:       [Symbol(kBytesWritten)]: 0,
2026-09-27 14:25:42 +00:00:       [Symbol(kNeedDrain)]: false,
2026-09-27 14:25:42 +00:00:       [Symbol(corked)]: 0,
2026-09-27 14:25:42 +00:00:       [Symbol(kChunkedBuffer)]: [],
2026-09-27 14:25:42 +00:00:       [Symbol(kChunkedLength)]: 0,
2026-09-27 14:25:42 +00:00:       [Symbol(kSocket)]: [TLSSocket],
2026-09-27 14:25:42 +00:00:       [Symbol(kOutHeaders)]: [Object: null prototype],
2026-09-27 14:25:42 +00:00:       [Symbol(errored)]: null,
2026-09-27 14:25:42 +00:00:       [Symbol(kHighWaterMark)]: 65536,
2026-09-27 14:25:42 +00:00:       [Symbol(kRejectNonStandardBodyWrites)]: false,
2026-09-27 14:25:42 +00:00:       [Symbol(kUniqueHeaders)]: null,
2026-09-27 14:25:42 +00:00:       [Symbol(kError)]: [Circular *1]
2026-09-27 14:25:42 +00:00:     },
2026-09-27 14:25:42 +00:00:     _currentUrl: 'https://api.glivesport.live/getmatches?eventType=2',
2026-09-27 14:25:42 +00:00:     _timeout: null,
2026-09-27 14:25:42 +00:00:     [Symbol(shapeMode)]: true,
2026-09-27 14:25:42 +00:00:     [Symbol(kCapture)]: false
2026-09-27 14:25:42 +00:00:   }
2026-09-27 14:25:42 +00:00: }
2026-09-27 14:46:34 +00:00: sportLiveMatchStoreQueueProcess: error:  <ref *1> AxiosError: timeout of 8000ms exceeded
2026-09-27 14:46:34 +00:00:     at createTimeoutError (/var/www/code/sky-backend/node_modules/axios/dist/node/axios.cjs:4308:14)
2026-09-27 14:46:34 +00:00:     at RedirectableRequest.handleTimeout (/var/www/code/sky-backend/node_modules/axios/dist/node/axios.cjs:4842:15)
2026-09-27 14:46:34 +00:00:     at RedirectableRequest.emit (node:events:519:28)
2026-09-27 14:46:34 +00:00:     at Timeout._onTimeout (/var/www/code/sky-backend/node_modules/follow-redirects/index.js:233:12)
2026-09-27 14:46:34 +00:00:     at listOnTimeout (node:internal/timers:585:17)
2026-09-27 14:46:34 +00:00:     at process.processTimers (node:internal/timers:521:7)
2026-09-27 14:46:34 +00:00:     at Axios.request (/var/www/code/sky-backend/node_modules/axios/dist/node/axios.cjs:6308:43)
2026-09-27 14:46:34 +00:00:     at process.processTicksAndRejections (node:internal/process/task_queues:103:5)
2026-09-27 14:46:34 +00:00:     at async fetchSportList (/var/www/code/sky-backend/config/sportsAPI.js:40:17)
2026-09-27 14:46:34 +00:00:     at async /var/www/code/sky-backend/config/sportsAPI.js:63:21
2026-09-27 14:46:34 +00:00:     at async fetchSportData (/var/www/code/sky-backend/controllers/helper/inPlay.js:8:19)
2026-09-27 14:46:34 +00:00:     at async Promise.all (index 0)
2026-09-27 14:46:34 +00:00:     at async inPlay (/var/www/code/sky-backend/controllers/helper/inPlay.js:25:19)
2026-09-27 14:46:34 +00:00:     at async runJob.type (/var/www/code/sky-backend/config/redis.js:826:22)
2026-09-27 14:46:34 +00:00:     at async runJob (/var/www/code/sky-backend/utils/jobTracker.js:275:22)
2026-09-27 14:46:34 +00:00:     at async sportLiveMatchStoreQueueProcess (/var/www/code/sky-backend/config/redis.js:817:5) {
2026-09-27 14:46:34 +00:00:   isAxiosError: true,
2026-09-27 14:46:34 +00:00:   code: 'ECONNABORTED',
2026-09-27 14:46:34 +00:00:   config: [Object: null prototype] {
2026-09-27 14:46:34 +00:00:     transitional: {
2026-09-27 14:46:34 +00:00:       silentJSONParsing: true,
2026-09-27 14:46:34 +00:00:       forcedJSONParsing: true,
2026-09-27 14:46:34 +00:00:       clarifyTimeoutError: false,
2026-09-27 14:46:34 +00:00:       legacyInterceptorReqResOrdering: true,
2026-09-27 14:46:34 +00:00:       advertiseZstdAcceptEncoding: false,
2026-09-27 14:46:34 +00:00:       validateStatusUndefinedResolves: true
2026-09-27 14:46:34 +00:00:     },
2026-09-27 14:46:34 +00:00:     adapter: [ 'xhr', 'http', 'fetch' ],
2026-09-27 14:46:34 +00:00:     transformRequest: [ [Function: transformRequest] ],
2026-09-27 14:46:34 +00:00:     transformResponse: [ [Function: transformResponse] ],
2026-09-27 14:46:34 +00:00:     timeout: 8000,
2026-09-27 14:46:34 +00:00:     xsrfCookieName: 'XSRF-TOKEN',
2026-09-27 14:46:34 +00:00:     xsrfHeaderName: 'X-XSRF-TOKEN',
2026-09-27 14:46:34 +00:00:     maxContentLength: -1,
2026-09-27 14:46:34 +00:00:     maxBodyLength: -1,
2026-09-27 14:46:34 +00:00:     env: { FormData: [Function], Blob: [class Blob] },
2026-09-27 14:46:34 +00:00:     validateStatus: [Function: validateStatus],
2026-09-27 14:46:34 +00:00:     headers: Object [AxiosHeaders] {
2026-09-27 14:46:34 +00:00:       Accept: 'application/json, text/plain, */*',
2026-09-27 14:46:34 +00:00:       'Content-Type': undefined,
2026-09-27 14:46:34 +00:00:       'User-Agent': 'axios/1.20.0',
2026-09-27 14:46:34 +00:00:       'Accept-Encoding': 'gzip, compress, deflate, br'
2026-09-27 14:46:34 +00:00:     },
2026-09-27 14:46:34 +00:00:     method: 'get',
2026-09-27 14:46:34 +00:00:     url: 'https://api.glivesport.live:443/getmatches?eventType=4',
2026-09-27 14:46:34 +00:00:     allowAbsoluteUrls: true,
2026-09-27 14:46:34 +00:00:     data: undefined
2026-09-27 14:46:34 +00:00:   },
2026-09-27 14:46:34 +00:00:   request: <ref *2> Writable {
2026-09-27 14:46:34 +00:00:     _events: {
2026-09-27 14:46:34 +00:00:       close: undefined,
2026-09-27 14:46:34 +00:00:       error: [Function: handleRequestError],
2026-09-27 14:46:34 +00:00:       prefinish: undefined,
2026-09-27 14:46:34 +00:00:       finish: undefined,
2026-09-27 14:46:34 +00:00:       drain: undefined,
2026-09-27 14:46:34 +00:00:       response: [Function: handleResponse],
2026-09-27 14:46:34 +00:00:       socket: [Array],
2026-09-27 14:46:34 +00:00:       timeout: undefined,
2026-09-27 14:46:34 +00:00:       abort: undefined
2026-09-27 14:46:34 +00:00:     },
2026-09-27 14:46:34 +00:00:     _writableState: WritableState {
2026-09-27 14:46:34 +00:00:       highWaterMark: 65536,
2026-09-27 14:46:34 +00:00:       length: 0,
2026-09-27 14:46:34 +00:00:       corked: 0,
2026-09-27 14:46:34 +00:00:       onwrite: [Function: bound onwrite],
2026-09-27 14:46:34 +00:00:       writelen: 0,
2026-09-27 14:46:34 +00:00:       bufferedIndex: 0,
2026-09-27 14:46:34 +00:00:       pendingcb: 0,
2026-09-27 14:46:34 +00:00:       [Symbol(kState)]: 17581054,
2026-09-27 14:46:34 +00:00:       [Symbol(kBufferedValue)]: null,
2026-09-27 14:46:34 +00:00:       [Symbol(kErroredValue)]: [Circular *1]
2026-09-27 14:46:34 +00:00:     },
2026-09-27 14:46:34 +00:00:     _maxListeners: undefined,
2026-09-27 14:46:34 +00:00:     _options: {
2026-09-27 14:46:34 +00:00:       maxRedirects: 21,
2026-09-27 14:46:34 +00:00:       maxBodyLength: Infinity,
2026-09-27 14:46:34 +00:00:       protocol: 'https:',
2026-09-27 14:46:34 +00:00:       path: '/getmatches?eventType=4',
2026-09-27 14:46:34 +00:00:       method: 'GET',
2026-09-27 14:46:34 +00:00:       headers: [Object: null prototype],
2026-09-27 14:46:34 +00:00:       agents: [Object],
2026-09-27 14:46:34 +00:00:       auth: undefined,
2026-09-27 14:46:34 +00:00:       family: undefined,
2026-09-27 14:46:34 +00:00:       beforeRedirect: [Function: dispatchBeforeRedirect],
2026-09-27 14:46:34 +00:00:       beforeRedirects: [Object: null prototype],
2026-09-27 14:46:34 +00:00:       http2Options: undefined,
2026-09-27 14:46:34 +00:00:       createConnection: undefined,
2026-09-27 14:46:34 +00:00:       hostname: 'api.glivesport.live',
2026-09-27 14:46:34 +00:00:       port: '',
2026-09-27 14:46:34 +00:00:       agent: undefined,
2026-09-27 14:46:34 +00:00:       sensitiveHeaders: [],
2026-09-27 14:46:34 +00:00:       insecureHTTPParser: false,
2026-09-27 14:46:34 +00:00:       nativeProtocols: [Object],
2026-09-27 14:46:34 +00:00:       pathname: '/getmatches',
2026-09-27 14:46:34 +00:00:       search: '?eventType=4'
2026-09-27 14:46:34 +00:00:     },
2026-09-27 14:46:34 +00:00:     _ended: true,
2026-09-27 14:46:34 +00:00:     _ending: true,
2026-09-27 14:46:34 +00:00:     _redirectCount: 0,
2026-09-27 14:46:34 +00:00:     _redirects: [],
2026-09-27 14:46:34 +00:00:     _requestBodyLength: 0,
2026-09-27 14:46:34 +00:00:     _requestBodyBuffers: [],
2026-09-27 14:46:34 +00:00:     _eventsCount: 3,
2026-09-27 14:46:34 +00:00:     _onNativeResponse: [Function (anonymous)],
2026-09-27 14:46:34 +00:00:     _headerFilter: /^(?:Authorization|Proxy-Authorization|Cookie)$/i,
2026-09-27 14:46:34 +00:00:     _currentRequest: ClientRequest {
2026-09-27 14:46:34 +00:00:       _events: [Object: null prototype],
2026-09-27 14:46:34 +00:00:       _eventsCount: 2,
2026-09-27 14:46:34 +00:00:       _maxListeners: undefined,
2026-09-27 14:46:34 +00:00:       outputData: [],
2026-09-27 14:46:34 +00:00:       outputSize: 0,
2026-09-27 14:46:34 +00:00:       writable: true,
2026-09-27 14:46:34 +00:00:       destroyed: true,
2026-09-27 14:46:34 +00:00:       _last: true,
2026-09-27 14:46:34 +00:00:       chunkedEncoding: false,
2026-09-27 14:46:34 +00:00:       shouldKeepAlive: true,
2026-09-27 14:46:34 +00:00:       maxRequestsOnConnectionReached: false,
2026-09-27 14:46:34 +00:00:       _defaultKeepAlive: true,
2026-09-27 14:46:34 +00:00:       useChunkedEncodingByDefault: false,
2026-09-27 14:46:34 +00:00:       sendDate: false,
2026-09-27 14:46:34 +00:00:       _removedConnection: false,
2026-09-27 14:46:34 +00:00:       _removedContLen: false,
2026-09-27 14:46:34 +00:00:       _removedTE: false,
2026-09-27 14:46:34 +00:00:       strictContentLength: false,
2026-09-27 14:46:34 +00:00:       _contentLength: 0,
2026-09-27 14:46:34 +00:00:       _hasBody: true,
2026-09-27 14:46:34 +00:00:       _trailer: '',
2026-09-27 14:46:34 +00:00:       finished: true,
2026-09-27 14:46:34 +00:00:       _headerSent: true,
2026-09-27 14:46:34 +00:00:       _closed: false,
2026-09-27 14:46:34 +00:00:       _header: 'GET /getmatches?eventType=4 HTTP/1.1\r\n' +
2026-09-27 14:46:34 +00:00:         'Accept: application/json, text/plain, */*\r\n' +
2026-09-27 14:46:34 +00:00:         'User-Agent: axios/1.20.0\r\n' +
2026-09-27 14:46:34 +00:00:         'Accept-Encoding: gzip, compress, deflate, br\r\n' +
2026-09-27 14:46:34 +00:00:         'Host: api.glivesport.live\r\n' +
2026-09-27 14:46:34 +00:00:         'Connection: keep-alive\r\n' +
2026-09-27 14:46:34 +00:00:         '\r\n',
2026-09-27 14:46:34 +00:00:       _keepAliveTimeout: 0,
2026-09-27 14:46:34 +00:00:       _onPendingData: [Function: nop],
2026-09-27 14:46:34 +00:00:       agent: [Agent],
2026-09-27 14:46:34 +00:00:       socketPath: undefined,
2026-09-27 14:46:34 +00:00:       method: 'GET',
2026-09-27 14:46:34 +00:00:       maxHeaderSize: undefined,
2026-09-27 14:46:34 +00:00:       insecureHTTPParser: false,
2026-09-27 14:46:34 +00:00:       joinDuplicateHeaders: undefined,
2026-09-27 14:46:34 +00:00:       path: '/getmatches?eventType=4',
2026-09-27 14:46:34 +00:00:       _ended: false,
2026-09-27 14:46:34 +00:00:       res: null,
2026-09-27 14:46:34 +00:00:       aborted: false,
2026-09-27 14:46:34 +00:00:       timeoutCb: [Function: emitRequestTimeout],
2026-09-27 14:46:34 +00:00:       upgradeOrConnect: false,
2026-09-27 14:46:34 +00:00:       parser: null,
2026-09-27 14:46:34 +00:00:       maxHeadersCount: null,
2026-09-27 14:46:34 +00:00:       reusedSocket: false,
2026-09-27 14:46:34 +00:00:       host: 'api.glivesport.live',
2026-09-27 14:46:34 +00:00:       protocol: 'https:',
2026-09-27 14:46:34 +00:00:       _redirectable: [Circular *2],
2026-09-27 14:46:34 +00:00:       [Symbol(shapeMode)]: false,
2026-09-27 14:46:34 +00:00:       [Symbol(kCapture)]: false,
2026-09-27 14:46:34 +00:00:       [Symbol(kBytesWritten)]: 0,
2026-09-27 14:46:34 +00:00:       [Symbol(kNeedDrain)]: false,
2026-09-27 14:46:34 +00:00:       [Symbol(corked)]: 0,
2026-09-27 14:46:34 +00:00:       [Symbol(kChunkedBuffer)]: [],
2026-09-27 14:46:34 +00:00:       [Symbol(kChunkedLength)]: 0,
2026-09-27 14:46:34 +00:00:       [Symbol(kSocket)]: [TLSSocket],
2026-09-27 14:46:34 +00:00:       [Symbol(kOutHeaders)]: [Object: null prototype],
2026-09-27 14:46:34 +00:00:       [Symbol(errored)]: null,
2026-09-27 14:46:34 +00:00:       [Symbol(kHighWaterMark)]: 65536,
2026-09-27 14:46:34 +00:00:       [Symbol(kRejectNonStandardBodyWrites)]: false,
2026-09-27 14:46:34 +00:00:       [Symbol(kUniqueHeaders)]: null,
2026-09-27 14:46:34 +00:00:       [Symbol(kError)]: [Circular *1]
2026-09-27 14:46:34 +00:00:     },
2026-09-27 14:46:34 +00:00:     _currentUrl: 'https://api.glivesport.live/getmatches?eventType=4',
2026-09-27 14:46:34 +00:00:     _timeout: null,
2026-09-27 14:46:34 +00:00:     [Symbol(shapeMode)]: true,
2026-09-27 14:46:34 +00:00:     [Symbol(kCapture)]: false
2026-09-27 14:46:34 +00:00:   }
2026-09-27 14:46:34 +00:00: }
2026-09-27 16:01:50 +00:00: sportLiveMatchStoreQueueProcess: error:  <ref *1> AxiosError: timeout of 8000ms exceeded
2026-09-27 16:01:50 +00:00:     at createTimeoutError (/var/www/code/sky-backend/node_modules/axios/dist/node/axios.cjs:4308:14)
2026-09-27 16:01:50 +00:00:     at RedirectableRequest.handleTimeout (/var/www/code/sky-backend/node_modules/axios/dist/node/axios.cjs:4842:15)
2026-09-27 16:01:50 +00:00:     at RedirectableRequest.emit (node:events:519:28)
2026-09-27 16:01:50 +00:00:     at Timeout._onTimeout (/var/www/code/sky-backend/node_modules/follow-redirects/index.js:233:12)
2026-09-27 16:01:50 +00:00:     at listOnTimeout (node:internal/timers:585:17)
2026-09-27 16:01:50 +00:00:     at process.processTimers (node:internal/timers:521:7)
2026-09-27 16:01:50 +00:00:     at Axios.request (/var/www/code/sky-backend/node_modules/axios/dist/node/axios.cjs:6308:43)
2026-09-27 16:01:50 +00:00:     at process.processTicksAndRejections (node:internal/process/task_queues:103:5)
2026-09-27 16:01:50 +00:00:     at async fetchSportList (/var/www/code/sky-backend/config/sportsAPI.js:40:17)
2026-09-27 16:01:50 +00:00:     at async /var/www/code/sky-backend/config/sportsAPI.js:63:21
2026-09-27 16:01:50 +00:00:     at async fetchSportData (/var/www/code/sky-backend/controllers/helper/inPlay.js:8:19)
2026-09-27 16:01:50 +00:00:     at async Promise.all (index 1)
2026-09-27 16:01:50 +00:00:     at async inPlay (/var/www/code/sky-backend/controllers/helper/inPlay.js:25:19)
2026-09-27 16:01:50 +00:00:     at async runJob.type (/var/www/code/sky-backend/config/redis.js:826:22)
2026-09-27 16:01:50 +00:00:     at async runJob (/var/www/code/sky-backend/utils/jobTracker.js:275:22)
2026-09-27 16:01:50 +00:00:     at async sportLiveMatchStoreQueueProcess (/var/www/code/sky-backend/config/redis.js:817:5) {
2026-09-27 16:01:50 +00:00:   isAxiosError: true,
2026-09-27 16:01:50 +00:00:   code: 'ECONNABORTED',
2026-09-27 16:01:50 +00:00:   config: [Object: null prototype] {
2026-09-27 16:01:50 +00:00:     transitional: {
2026-09-27 16:01:50 +00:00:       silentJSONParsing: true,
2026-09-27 16:01:50 +00:00:       forcedJSONParsing: true,
2026-09-27 16:01:50 +00:00:       clarifyTimeoutError: false,
2026-09-27 16:01:50 +00:00:       legacyInterceptorReqResOrdering: true,
2026-09-27 16:01:50 +00:00:       advertiseZstdAcceptEncoding: false,
2026-09-27 16:01:50 +00:00:       validateStatusUndefinedResolves: true
2026-09-27 16:01:50 +00:00:     },
2026-09-27 16:01:50 +00:00:     adapter: [ 'xhr', 'http', 'fetch' ],
2026-09-27 16:01:50 +00:00:     transformRequest: [ [Function: transformRequest] ],
2026-09-27 16:01:50 +00:00:     transformResponse: [ [Function: transformResponse] ],
2026-09-27 16:01:50 +00:00:     timeout: 8000,
2026-09-27 16:01:50 +00:00:     xsrfCookieName: 'XSRF-TOKEN',
2026-09-27 16:01:50 +00:00:     xsrfHeaderName: 'X-XSRF-TOKEN',
2026-09-27 16:01:50 +00:00:     maxContentLength: -1,
2026-09-27 16:01:50 +00:00:     maxBodyLength: -1,
2026-09-27 16:01:50 +00:00:     env: { FormData: [Function], Blob: [class Blob] },
2026-09-27 16:01:50 +00:00:     validateStatus: [Function: validateStatus],
2026-09-27 16:01:50 +00:00:     headers: Object [AxiosHeaders] {
2026-09-27 16:01:50 +00:00:       Accept: 'application/json, text/plain, */*',
2026-09-27 16:01:50 +00:00:       'Content-Type': undefined,
2026-09-27 16:01:50 +00:00:       'User-Agent': 'axios/1.20.0',
2026-09-27 16:01:50 +00:00:       'Accept-Encoding': 'gzip, compress, deflate, br'
2026-09-27 16:01:50 +00:00:     },
2026-09-27 16:01:50 +00:00:     method: 'get',
2026-09-27 16:01:50 +00:00:     url: 'https://api.glivesport.live:443/getmatches?eventType=1',
2026-09-27 16:01:50 +00:00:     allowAbsoluteUrls: true,
2026-09-27 16:01:50 +00:00:     data: undefined
2026-09-27 16:01:50 +00:00:   },
2026-09-27 16:01:50 +00:00:   request: <ref *2> Writable {
2026-09-27 16:01:50 +00:00:     _events: {
2026-09-27 16:01:50 +00:00:       close: undefined,
2026-09-27 16:01:50 +00:00:       error: [Function: handleRequestError],
2026-09-27 16:01:50 +00:00:       prefinish: undefined,
2026-09-27 16:01:50 +00:00:       finish: undefined,
2026-09-27 16:01:50 +00:00:       drain: undefined,
2026-09-27 16:01:50 +00:00:       response: [Function: handleResponse],
2026-09-27 16:01:50 +00:00:       socket: [Array],
2026-09-27 16:01:50 +00:00:       timeout: undefined,
2026-09-27 16:01:50 +00:00:       abort: undefined
2026-09-27 16:01:50 +00:00:     },
2026-09-27 16:01:50 +00:00:     _writableState: WritableState {
2026-09-27 16:01:50 +00:00:       highWaterMark: 65536,
2026-09-27 16:01:50 +00:00:       length: 0,
2026-09-27 16:01:50 +00:00:       corked: 0,
2026-09-27 16:01:50 +00:00:       onwrite: [Function: bound onwrite],
2026-09-27 16:01:50 +00:00:       writelen: 0,
2026-09-27 16:01:50 +00:00:       bufferedIndex: 0,
2026-09-27 16:01:50 +00:00:       pendingcb: 0,
2026-09-27 16:01:50 +00:00:       [Symbol(kState)]: 17581054,
2026-09-27 16:01:50 +00:00:       [Symbol(kBufferedValue)]: null,
2026-09-27 16:01:50 +00:00:       [Symbol(kErroredValue)]: [Circular *1]
2026-09-27 16:01:50 +00:00:     },
2026-09-27 16:01:50 +00:00:     _maxListeners: undefined,
2026-09-27 16:01:50 +00:00:     _options: {
2026-09-27 16:01:50 +00:00:       maxRedirects: 21,
2026-09-27 16:01:50 +00:00:       maxBodyLength: Infinity,
2026-09-27 16:01:50 +00:00:       protocol: 'https:',
2026-09-27 16:01:50 +00:00:       path: '/getmatches?eventType=1',
2026-09-27 16:01:50 +00:00:       method: 'GET',
2026-09-27 16:01:50 +00:00:       headers: [Object: null prototype],
2026-09-27 16:01:50 +00:00:       agents: [Object],
2026-09-27 16:01:50 +00:00:       auth: undefined,
2026-09-27 16:01:50 +00:00:       family: undefined,
2026-09-27 16:01:50 +00:00:       beforeRedirect: [Function: dispatchBeforeRedirect],
2026-09-27 16:01:50 +00:00:       beforeRedirects: [Object: null prototype],
2026-09-27 16:01:50 +00:00:       http2Options: undefined,
2026-09-27 16:01:50 +00:00:       createConnection: undefined,
2026-09-27 16:01:50 +00:00:       hostname: 'api.glivesport.live',
2026-09-27 16:01:50 +00:00:       port: '',
2026-09-27 16:01:50 +00:00:       agent: undefined,
2026-09-27 16:01:50 +00:00:       sensitiveHeaders: [],
2026-09-27 16:01:50 +00:00:       insecureHTTPParser: false,
2026-09-27 16:01:50 +00:00:       nativeProtocols: [Object],
2026-09-27 16:01:50 +00:00:       pathname: '/getmatches',
2026-09-27 16:01:50 +00:00:       search: '?eventType=1'
2026-09-27 16:01:50 +00:00:     },
2026-09-27 16:01:50 +00:00:     _ended: true,
2026-09-27 16:01:50 +00:00:     _ending: true,
2026-09-27 16:01:50 +00:00:     _redirectCount: 0,
2026-09-27 16:01:50 +00:00:     _redirects: [],
2026-09-27 16:01:50 +00:00:     _requestBodyLength: 0,
2026-09-27 16:01:50 +00:00:     _requestBodyBuffers: [],
2026-09-27 16:01:50 +00:00:     _eventsCount: 3,
2026-09-27 16:01:50 +00:00:     _onNativeResponse: [Function (anonymous)],
2026-09-27 16:01:50 +00:00:     _headerFilter: /^(?:Authorization|Proxy-Authorization|Cookie)$/i,
2026-09-27 16:01:50 +00:00:     _currentRequest: ClientRequest {
2026-09-27 16:01:50 +00:00:       _events: [Object: null prototype],
2026-09-27 16:01:50 +00:00:       _eventsCount: 2,
2026-09-27 16:01:50 +00:00:       _maxListeners: undefined,
2026-09-27 16:01:50 +00:00:       outputData: [],
2026-09-27 16:01:50 +00:00:       outputSize: 0,
2026-09-27 16:01:50 +00:00:       writable: true,
2026-09-27 16:01:50 +00:00:       destroyed: true,
2026-09-27 16:01:50 +00:00:       _last: true,
2026-09-27 16:01:50 +00:00:       chunkedEncoding: false,
2026-09-27 16:01:50 +00:00:       shouldKeepAlive: true,
2026-09-27 16:01:50 +00:00:       maxRequestsOnConnectionReached: false,
2026-09-27 16:01:50 +00:00:       _defaultKeepAlive: true,
2026-09-27 16:01:50 +00:00:       useChunkedEncodingByDefault: false,
2026-09-27 16:01:50 +00:00:       sendDate: false,
2026-09-27 16:01:50 +00:00:       _removedConnection: false,
2026-09-27 16:01:50 +00:00:       _removedContLen: false,
2026-09-27 16:01:50 +00:00:       _removedTE: false,
2026-09-27 16:01:50 +00:00:       strictContentLength: false,
2026-09-27 16:01:50 +00:00:       _contentLength: 0,
2026-09-27 16:01:50 +00:00:       _hasBody: true,
2026-09-27 16:01:50 +00:00:       _trailer: '',
2026-09-27 16:01:50 +00:00:       finished: true,
2026-09-27 16:01:50 +00:00:       _headerSent: true,
2026-09-27 16:01:50 +00:00:       _closed: false,
2026-09-27 16:01:50 +00:00:       _header: 'GET /getmatches?eventType=1 HTTP/1.1\r\n' +
2026-09-27 16:01:50 +00:00:         'Accept: application/json, text/plain, */*\r\n' +
2026-09-27 16:01:50 +00:00:         'User-Agent: axios/1.20.0\r\n' +
2026-09-27 16:01:50 +00:00:         'Accept-Encoding: gzip, compress, deflate, br\r\n' +
2026-09-27 16:01:50 +00:00:         'Host: api.glivesport.live\r\n' +
2026-09-27 16:01:50 +00:00:         'Connection: keep-alive\r\n' +
2026-09-27 16:01:50 +00:00:         '\r\n',
2026-09-27 16:01:50 +00:00:       _keepAliveTimeout: 0,
2026-09-27 16:01:50 +00:00:       _onPendingData: [Function: nop],
2026-09-27 16:01:50 +00:00:       agent: [Agent],
2026-09-27 16:01:50 +00:00:       socketPath: undefined,
2026-09-27 16:01:50 +00:00:       method: 'GET',
2026-09-27 16:01:50 +00:00:       maxHeaderSize: undefined,
2026-09-27 16:01:50 +00:00:       insecureHTTPParser: false,
2026-09-27 16:01:50 +00:00:       joinDuplicateHeaders: undefined,
2026-09-27 16:01:50 +00:00:       path: '/getmatches?eventType=1',
2026-09-27 16:01:50 +00:00:       _ended: false,
2026-09-27 16:01:50 +00:00:       res: null,
2026-09-27 16:01:50 +00:00:       aborted: false,
2026-09-27 16:01:50 +00:00:       timeoutCb: [Function: emitRequestTimeout],
2026-09-27 16:01:50 +00:00:       upgradeOrConnect: false,
2026-09-27 16:01:50 +00:00:       parser: null,
2026-09-27 16:01:50 +00:00:       maxHeadersCount: null,
2026-09-27 16:01:50 +00:00:       reusedSocket: false,
2026-09-27 16:01:50 +00:00:       host: 'api.glivesport.live',
2026-09-27 16:01:50 +00:00:       protocol: 'https:',
2026-09-27 16:01:50 +00:00:       _redirectable: [Circular *2],
2026-09-27 16:01:50 +00:00:       [Symbol(shapeMode)]: false,
2026-09-27 16:01:50 +00:00:       [Symbol(kCapture)]: false,
2026-09-27 16:01:50 +00:00:       [Symbol(kBytesWritten)]: 0,
2026-09-27 16:01:50 +00:00:       [Symbol(kNeedDrain)]: false,
2026-09-27 16:01:50 +00:00:       [Symbol(corked)]: 0,
2026-09-27 16:01:50 +00:00:       [Symbol(kChunkedBuffer)]: [],
2026-09-27 16:01:50 +00:00:       [Symbol(kChunkedLength)]: 0,
2026-09-27 16:01:50 +00:00:       [Symbol(kSocket)]: [TLSSocket],
2026-09-27 16:01:50 +00:00:       [Symbol(kOutHeaders)]: [Object: null prototype],
2026-09-27 16:01:50 +00:00:       [Symbol(errored)]: null,
2026-09-27 16:01:50 +00:00:       [Symbol(kHighWaterMark)]: 65536,
2026-09-27 16:01:50 +00:00:       [Symbol(kRejectNonStandardBodyWrites)]: false,
2026-09-27 16:01:50 +00:00:       [Symbol(kUniqueHeaders)]: null,
2026-09-27 16:01:50 +00:00:       [Symbol(kError)]: [Circular *1]
2026-09-27 16:01:50 +00:00:     },
2026-09-27 16:01:50 +00:00:     _currentUrl: 'https://api.glivesport.live/getmatches?eventType=1',
2026-09-27 16:01:50 +00:00:     _timeout: null,
2026-09-27 16:01:50 +00:00:     [Symbol(shapeMode)]: true,
2026-09-27 16:01:50 +00:00:     [Symbol(kCapture)]: false
2026-09-27 16:01:50 +00:00:   }
2026-09-27 16:01:50 +00:00: }
2026-09-27 17:21:38 +00:00: [FEED] starting sport/in-play refresh loops { FEED_JOBS_RUN: false, CRON_JOBS_RUN: true }
2026-09-27 22:00:15 +00:00: getSport slow 3rd-party { eventType: 2, ms: 1669 }
